---
source: crates/crb-webui-shared/src/runs.rs
expression: "&orig"
---
{
  "id": "run-003",
  "name": "Config test",
  "pr_count": 5,
  "results": [],
  "aggregate": null,
  "total_cost": null,
  "total_tokens": 0,
  "duration_secs": null,
  "model": "gpt-4o",
  "status": "pending",
  "config": {
    "model": "gpt-4o",
    "dataset": "benchmark-v2",
    "roles": [
      "FE",
      "BE"
    ]
  }
}
