---
source: crates/crb-webui-shared/src/adhoc.rs
expression: "&orig"
---
{
  "id": "run-456",
  "pr_url": "https://github.com/owner/repo/pull/42",
  "pr_title": "Add new feature",
  "status": "running",
  "created_at": "2024-01-15T10:30:00Z",
  "model": "gpt-4o",
  "roles": [
    "FE",
    "BE"
  ],
  "findings_count": 7,
  "total_cost": 0.45
}
