---
source: crates/crb-webui-shared/src/runs.rs
expression: detail
---
PrDetailResponse {
    run_id: "r1",
    payload: PrResultPayload {
        pr_title: "Test",
        url: "https://example.com",
        findings_count: 0,
        golden_count: 0,
        metrics: Metrics {
            true_positives: 0,
            false_positives: 0,
            false_negatives: 0,
            duration_secs: 0.0,
        },
        verdicts: [],
        cost: None,
    },
    findings: Null,
    agent_responses: [],
}
