---
source: crates/crb-webui-shared/src/runs.rs
expression: "&orig"
---
{
  "id": "run-001",
  "name": "Benchmark v2 run",
  "pr_count": 42,
  "avg_f1": 0.85,
  "avg_precision": 0.9,
  "avg_recall": 0.8,
  "total_cost": 12.5,
  "total_tokens": 150000,
  "duration_secs": 3600.0,
  "created_at": "2024-03-01T12:00:00Z",
  "model": "gpt-4o",
  "status": "completed"
}
