---
source: crates/crb-webui-shared/src/runs.rs
expression: detail
---
PrDetailResponse {
    run_id: "r1",
    pr_title: "Test",
    url: "https://example.com",
    findings_count: 0,
    golden_count: 0,
    metrics: MetricsJson {
        true_positives: 0,
        false_positives: 0,
        false_negatives: 0,
        precision: 0.0,
        recall: 0.0,
        f1: 0.0,
    },
    verdicts: [],
    cost: None,
    findings: Null,
    agent_responses: [],
}
